// Jest Snapshot v1, https://goo.gl/fbAQLP

exports[`should render Confirmation Modal correctly 1`] = `
<Modal
  ariaHideApp={false}
  bodyOpenClassName="ReactModal__Body--open"
  className="modal"
  closeTimeoutMS={200}
  contentLabel="Are you sure want to remove this expense?"
  isOpen={true}
  onRequestClose={[Function]}
  parentSelector={[Function]}
  portalClassName="ReactModalPortal"
  role="dialog"
  shouldCloseOnEsc={true}
  shouldCloseOnOverlayClick={true}
  shouldFocusAfterRender={true}
  shouldReturnFocusAfterClose={true}
>
  <h3
    className="modal__title"
  >
    Are you sure want to remove this expense?
  </h3>
  <button
    className="modal__button"
    onClick={[Function]}
  >
    Yes
  </button>
  <button
    className="modal__button"
    onClick={[Function]}
  >
    No
  </button>
</Modal>
`;
