// Jest Snapshot v1, https://goo.gl/fbAQLP

exports[`should render ExpenseListItem with given expenese 1`] = `
<div>
  <Link
    replace={false}
    to="/edit/1"
  >
    <h3>
      Gas
    </h3>
  </Link>
  <p>
    Amount: 
    $1.00
    - Created At: 
    December 31st, 1969
  </p>
</div>
`;
